// Jest Snapshot v1, https://goo.gl/fbAQLP

exports[`Heading Heading component renders as expected 1`] = `<h1 />`;
